pattern {'distinct_patterns': 127, 'per_month_median': 108.0, 'top8_coverage': 0.2310474537037037} {'never_changed': 3, 'median_changes': 15.0, 'median_modal_share': 0.25}
pattern_adjacent {'distinct_patterns': 17, 'per_month_median': 16.0, 'top8_coverage': 0.853525958994709} {'never_changed': 136, 'median_changes': 6.0, 'median_modal_share': 0.5833333333333334}
2023-01: kefrin [217 277 289 255 258 276 225 219], canus [209 115 136 342 246 311 275 382]
2023-02: kefrin [456 278 264 239 223 181 169 206], canus [289 143 147 312 229 255 267 374]
2023-03: kefrin [244 431 180 277 323 165 158 238], canus [222 155 209 264 233 234 307 392]
2023-04: kefrin [161 325 231 246 208 190 330 325], canus [202 150 188 372 207 239 248 410]
2023-05: kefrin [276 345 127 176 387 269 207 229], canus [228 135 108 345 236 233 327 404]
2023-06: kefrin [201 225 369 169 338 172 275 267], canus [183 164 152 170 293 343 324 387]
2023-07: kefrin [233 256 318 328 205 160 315 201], canus [198 176 198 301 229 195 305 414]
2023-08: kefrin [195 260 238 486 206 160 201 270], canus [159 263 156 329 311 225 286 287]
2023-09: kefrin [220 277 292 216 349 290 173 199], canus [195 274 101 175 258 387 354 272]
2023-10: kefrin [268 276 242 197 182 172 361 318], canus [264 293  96 271 209 266 372 245]
2023-11: kefrin [497 200 303 227 245 200 116 228], canus [255 334 105 296 203 242 380 201]
2023-12: kefrin [161 198 188 325 275 213 404 252], canus [203 313 177 256 264 213 360 230]
2024-01: kefrin [231 297 322 203 332 159 199 273], canus [196 294 205 327 162 210 350 272]
2024-02: kefrin [375 296 269 301 200 192 172 211], canus [189 307 119 384 163 273 356 225]
2024-03: kefrin [231 298 300 388 197 142 293 167], canus [180 180 213 366 237 143 302 395]
2024-04: kefrin [220 332 134 299 242 216 342 231], canus [179 288 201 402 214 118 341 273]
2024-05: kefrin [331 269 369 173 239 199 233 203], canus [180 210 153 358 214 233 312 356]
2024-06: kefrin [397 302 243 222 322 172 191 167], canus [186 241 127 271 261 290 312 328]
2024-07: kefrin [345 242 195 171 157 194 382 330], canus [189 264  97 320 327 228 257 334]
2024-08: kefrin [261 222 175 388 321 187 310 152], canus [191 317 143 241 263 294 282 285]
2024-09: kefrin [146 268 282 163 440 183 343 191], canus [195 362 158 264 205 255 358 219]
2024-10: kefrin [276 334 394 156 186 183 166 321], canus [216 408 173 252 169 299 316 183]
2024-11: kefrin [145 115 246 271 501 242 160 336], canus [189 367 176 198 222 338 355 171]
2024-12: kefrin [273 242 207 156 397 363 209 169], canus [220 409 203 285 180 168 370 181]
all: kefrin [186 243 359 194 351 255 251 177], canus [206 281 166 330 215 217 332 269]
{
 "n_mo": 2016,
 "n_months": 24,
 "external_commits": {
  "KEFRiN": "f9f96b1a778cb8d2e5ba85baae452dc813c4f110",
  "CANUS": "754622af6eff9604a590e862a108c4c4212acf2d"
 },
 "seconds": {
  "pattern": 0.7,
  "pattern_adjacent": 0.6,
  "kefrin": 345.1,
  "canus": 418.4
 },
 "n_clusters": {
  "pattern": {
   "distinct_patterns": 127,
   "per_month_median": 108.0,
   "top8_coverage": 0.2310474537037037
  },
  "pattern_adjacent": {
   "distinct_patterns": 17,
   "per_month_median": 16.0,
   "top8_coverage": 0.853525958994709
  },
  "kefrin": {
   "k": 8,
   "nonempty_per_month_min": 8,
   "min_cluster_size": 115
  },
  "canus": {
   "k": 8,
   "nonempty_per_month_min": 8,
   "min_cluster_size": 96
  }
 },
 "pattern_stability": {
  "never_changed": 3,
  "median_changes": 15.0,
  "median_modal_share": 0.25
 },
 "pattern_adjacent_stability": {
  "never_changed": 136,
  "median_changes": 6.0,
  "median_modal_share": 0.5833333333333334
 }
}
wall 769 s
