признаки и графы: 5 с; σ близости = 146 км
перебор K: 101 с

== Сквозные признаки ('all'): индексы по методам и K ==
                  K  min_size     SW       CH  S_Dbw    AVI    AVU   ANUI      Q    z_SW  z_S_Dbw    z_AVI   z_AVU      z_Q
method K_target                                                                                                            
kmeans 4          4       320  0.164  491.646  0.602  0.668  0.643  0.467  0.398  48.981   -5.313  147.312  90.366  140.683
leiden 4          4       242  0.126  357.347  0.719  0.909  0.613  0.584  0.633  31.862   -4.651  199.547  37.653  190.682
kmeans 5          5       187  0.164  426.882  0.603  0.629  0.578  0.461  0.394  35.504  -53.387  159.980  31.721  146.990
leiden 5          5       201  0.126  296.810  0.748  0.883  0.582  0.583  0.673  31.522  -40.084  248.364  33.404  246.769
kmeans 6          6       176  0.150  376.962  0.592  0.570  0.555  0.433  0.392  33.099  -70.734  162.963  19.210  154.850
leiden 6          6       294  0.097  249.597  0.698  0.867  0.582  0.577  0.702  32.804 -188.628  260.820  99.916  260.872
kmeans 7          7       168  0.147  339.879  0.578  0.541  0.547  0.417  0.401  32.085  -79.945  168.396  18.748  163.926
leiden 7          7       151  0.044  217.106  0.662  0.859  0.574  0.576  0.707  12.904  -58.773  293.928  42.762  274.709
kmeans 8          8       151  0.121  308.917  0.532  0.533  0.563  0.410  0.396  26.745  -93.185  184.364  43.886  171.494
leiden 8          8       130  0.035  191.304  0.658  0.844  0.560  0.573  0.713  10.800  -63.524  324.854  39.829  312.856
kmeans 9          9       152  0.120  286.304  0.524  0.490  0.552  0.386  0.381  27.123 -126.705  187.560  37.906  182.817
leiden 9          9       138  0.038  176.301  0.658  0.827  0.558  0.566  0.715  11.694  -57.523  335.391  45.393  320.881
kmeans 10        10        35  0.123  267.210  0.554  0.454  0.532  0.366  0.365  14.336  -42.650  171.712  36.061  170.405
leiden 10        10       106  0.032  168.018  0.642  0.819  0.552  0.564  0.716  10.773  -58.857  359.049  41.567  333.744
kmeans 11        11        95  0.120  249.370  0.544  0.443  0.540  0.358  0.377  24.957  -85.120  182.893  33.219  189.724
leiden 11        11       128  0.023  155.726  0.636  0.810  0.555  0.559  0.718  10.636  -98.727  379.452  52.073  366.732
kmeans 12        12        33  0.122  236.918  0.545  0.452  0.502  0.368  0.375  15.469  -42.680  200.898  22.434  193.530
leiden 12        12        49  0.029  149.039  0.652  0.799  0.548  0.556  0.719   8.418  -54.058  399.235  50.564  387.376

== Помесячно: медиана за месяцы ==
                    SW       CH  S_Dbw    AVI    AVU   ANUI      Q    z_SW  z_S_Dbw    z_AVI    z_AVU      z_Q
method K_target                                                                                               
kmeans 4         0.225  853.219  0.805  0.795  0.620  0.539  0.520  52.757  -23.259  184.591   87.306  174.092
       5         0.215  776.510  0.684  0.759  0.617  0.518  0.553  35.266  -19.891  186.420  101.738  181.583
       6         0.202  704.662  0.545  0.742  0.592  0.518  0.576  35.839  -15.509  210.016   95.071  211.973
       7         0.195  647.831  0.446  0.715  0.592  0.503  0.575  34.209  -12.760  240.755  116.474  233.329
       8         0.193  606.477  0.415  0.701  0.583  0.500  0.579  32.849  -12.052  248.041  111.583  254.335
       9         0.189  569.954  0.359  0.661  0.557  0.484  0.549  30.118  -12.621  251.893   77.456  238.613
       10        0.187  538.688  0.341  0.640  0.549  0.474  0.544  30.026  -13.498  268.286   73.168  257.934
       11        0.186  511.680  0.331  0.620  0.536  0.467  0.528  28.218  -13.671  267.440   62.405  276.146
       12        0.185  489.392  0.324  0.610  0.528  0.464  0.528  25.770  -14.329  259.497   59.565  246.596
leiden 4         0.183  694.854  1.667  0.913  0.606  0.589  0.656  41.544   -6.003  224.132   39.369  220.895
       5         0.165  587.849  1.104  0.891  0.573  0.591  0.682  31.137  -13.831  232.469   29.914  228.704
       6         0.132  498.071  0.729  0.877  0.578  0.582  0.701  23.628  -12.586  282.140   62.665  263.050
       7         0.116  460.905  0.583  0.867  0.580  0.577  0.717  21.765  -11.506  317.625   84.632  290.799
       8         0.104  427.400  0.487  0.855  0.572  0.574  0.726  20.497  -11.343  319.253   99.293  307.870
       9         0.098  400.444  0.462  0.842  0.566  0.571  0.728  18.356  -10.984  335.319   92.665  320.634
       10        0.095  378.103  0.406  0.834  0.561  0.568  0.735  16.898  -12.372  371.362   96.329  369.087
       11        0.093  364.385  0.384  0.824  0.555  0.565  0.734  16.470  -12.895  357.129   90.145  354.072
       12        0.084  346.579  0.381  0.815  0.551  0.563  0.734  14.577  -14.058  386.517   81.281  373.344

== Лучшее K (Борда по ['SW', 'CH', 'S_Dbw', 'z_AVI', 'z_AVU', 'Q'] ) == {'kmeans': {'all': 7, 'month': 10}, 'leiden': {'all': 10, 'month': 12}}

== Сети (сквозной период) ==
                                     0           1            2            3             4          5          6               7
graph                       cosine_knn  cosine_thr  lagcorr_knn  lagcorr_thr  distance_knn  combo_knn  combo_thr  dtw_knn_sub500
edges                            22594       22343        25496        22343         18781      19376      22343            5533
mean_degree                     22.415      22.166       25.294       22.166        18.632     19.222     22.166          22.132
isolates                             0        1493            0         1537             0          0        392               0
components                           1        1539            1         1547             1          1        561               1
jaccard_vs_cosine_knn              1.0       0.087         0.07        0.064         0.063      0.095      0.074             NaN
leiden_g1_K                         11        1543            9         1550            23         18        569               6
leiden_g1_Q                       0.72       0.187        0.673        0.248         0.868       0.85      0.504           0.604
leiden_K                          10.0         NaN         10.0          NaN          10.0       10.0        NaN             NaN
ARI_leiden_kmeans                0.208         NaN        0.227          NaN         0.139      0.175        NaN             NaN
leiden_SW                        0.032         NaN        0.009          NaN        -0.007      0.026        NaN             NaN
leiden_CH                      168.018         NaN      146.039          NaN        84.548    125.246        NaN             NaN
leiden_S_Dbw                     0.642         NaN        0.637          NaN         0.824      0.717        NaN             NaN
leiden_AVI                       0.819         NaN        0.766          NaN         0.981      0.986        NaN             NaN
leiden_AVU                       0.552         NaN        0.496          NaN         0.442      0.406        NaN             NaN
leiden_Q                         0.716         NaN        0.669          NaN         0.809      0.805        NaN             NaN
leiden_z_AVI                   359.049         NaN       335.26          NaN        337.06    328.901        NaN             NaN
leiden_z_AVU                    41.567         NaN       10.784          NaN         8.269      1.133        NaN             NaN
leiden_z_Q                     333.744         NaN      298.118          NaN       283.244    239.851        NaN             NaN
kmeans_K                             7           7            7            7             7          7          7               7
kmeans_AVI                       0.541       0.616        0.526        0.321         0.433      0.538      0.531           0.352
kmeans_AVU                       0.547       0.588        0.545        0.321         0.463      0.519      0.591           0.563
kmeans_Q                         0.401       0.031        0.425        0.107         0.307       0.42      0.107           0.241
kmeans_z_AVI                   168.396     393.589      180.901      122.809        93.812    115.024     247.66           45.42
kmeans_z_AVU                    18.748       8.932        9.598      -28.771       -43.607     -4.033     10.233            17.0
kmeans_z_Q                     163.926      27.543      196.793       76.302        97.538    119.037     71.027           50.08
jaccard_vs_lagcorr_knn_sub         NaN         NaN          NaN          NaN           NaN        NaN        NaN           0.167

готово за 145 с → outputs/baseline_icvi.csv, outputs/network_ablation.csv, outputs/labels/
