входы: 2 с; граф lagcorr_knn: {'edges': 25496, 'mean_degree': 25.293650793650794, 'isolates': 0, 'components': 1}
темп соседних месяцев, Спирмен: -0.246
метки: 7 с
лучшее K (Борда на сквозных): {'canus': 9, 'kefrin': 10, 'kmeans': 8, 'leiden': 4, 'patterns': 4} | без AVU: {'canus': 9, 'kefrin': 10, 'kmeans': 5, 'leiden': 7, 'patterns': 4}
индексы: 79 с

== indices.csv ==
   method variant       period  K    SW      CH  S_Dbw   AVI   AVU     Q   z_AVI   z_AVU     z_Q
  kmeans  common          all  7 0.147 339.879  0.578 0.526 0.545 0.425 180.901   9.598 196.793
  kmeans  common month_median  7 0.195 647.831  0.446 0.490 0.509 0.358 154.559 -10.603 170.016
  leiden  common          all  7 0.037 201.957  0.601 0.842 0.539 0.676 289.373  14.240 268.502
  leiden  common month_median  7 0.032 280.569  0.696 0.842 0.539 0.676 259.547  12.703 238.567
  kefrin  common          all  7 0.105 301.460  0.568 0.637 0.567 0.505 222.038  22.962 228.767
  kefrin  common month_median  7 0.150 531.335  0.518 0.545 0.549 0.442 194.407  11.129 209.455
   canus  common          all  7 0.117 286.744  0.626 0.547 0.568 0.447 186.395  22.549 200.943
   canus  common month_median  7 0.158 489.569  0.526 0.469 0.557 0.371 167.502  17.039 190.023
patterns  common          all  7 0.064 196.933  0.760 0.368 0.528 0.302 117.600  13.596 145.300
patterns  common month_median  7 0.088 355.903  0.745 0.358 0.458 0.293  97.814  10.633 115.611
  kmeans    best          all  8 0.121 308.917  0.532 0.509 0.535 0.398 191.609   7.661 192.984
  kmeans    best month_median  8 0.193 606.477  0.415 0.443 0.502 0.349 158.408 -10.582 180.802
  leiden    best          all  4 0.103 308.720  0.504 0.941 0.551 0.586 237.103  11.769 196.962
  leiden    best month_median  4 0.112 395.874  0.617 0.941 0.551 0.586 206.710   9.294 183.781
  kefrin    best          all 10 0.095 233.668  0.518 0.615 0.512 0.521 276.855   5.380 275.678
  kefrin    best month_median 10 0.130 427.450  0.388 0.524 0.510 0.460 249.379   5.289 237.100
   canus    best          all  9 0.091 249.874  0.555 0.557 0.551 0.486 248.487  17.644 259.754
   canus    best month_median  9 0.122 429.565  0.426 0.458 0.542 0.400 192.291  17.737 209.796
patterns    best          all  4 0.109 323.617  0.751 0.572 0.645 0.347 126.244  38.297 130.587
patterns    best month_median  4 0.170 551.025  1.407 0.564 0.598 0.338 128.461  18.246 128.182

== рейтинг ==
 variant       period   method  K  grade_SW  grade_CH  grade_S_Dbw  grade_z_AVI  grade_z_AVU  grade_Q  n_grade1  n_grade2  n_grade3  threshold_place  threshold_place_without_AVU  borda_points  borda_place  borda_place_without_AVU  threshold_place_leader_same_without_AVU  borda_place_leader_same_without_AVU  best_K  best_K_without_AVU
 common          all   kefrin  7         2         2            1            2            3        2         1         4         1                1                            1          15.0            2                        1                                     True                                False      10                  10
 common          all   kmeans  7         1         1            2            3            1        3         3         1         2                2                            3          17.0            1                        2                                     True                                False       8                   5
 common          all   leiden  7         3         3            2            1            2        1         2         2         2                3                            3          13.0            3                        3                                     True                                False       4                   7
 common          all    canus  7         2         2            3            2            3        2         0         4         2                4                            2          11.0            4                        4                                     True                                False       9                   9
 common          all patterns  7         3         3            3            3            2        3         0         1         5                5                            5           4.0            5                        5                                     True                                False       4                   4
 common month_median   kefrin  7         2         2            2            2            2        2         0         6         0                1                            1          16.0            2                        1                                    False                                False      10                  10
 common month_median    canus  7         2         2            2            2            3        2         0         5         1                2                            1          11.0            3                        3                                    False                                False       9                   9
 common month_median   kmeans  7         1         1            1            3            1        3         4         0         2                3                            3          18.0            1                        1                                    False                                False       8                   5
 common month_median   leiden  7         3         3            3            1            3        1         2         0         4                4                            4          10.0            4                        4                                    False                                False       4                   7
 common month_median patterns  7         3         3            3            3            2        3         0         1         5                5                            5           5.0            5                        5                                    False                                False       4                   4
   best          all   leiden  4         2         2            1            2            2        1         2         4         0                1                            1          16.0            1                        1                                     True                                 True       4                   7
   best          all   kefrin 10         3         3            2            1            1        2         2         2         2                2                            2          15.0            2                        2                                     True                                 True      10                  10
   best          all   kmeans  8         1         2            2            3            2        3         1         3         2                3                            2          14.0            3                        2                                     True                                 True       8                   5
   best          all patterns  4         2         1            3            3            3        3         1         1         4                4                            4           7.0            5                        4                                     True                                 True       4                   4
   best          all    canus  9         3         3            3            2            3        2         0         2         4                5                            5           8.0            4                        4                                     True                                 True       9                   9
   best month_median   kefrin 10         2         3            1            1            2        2         2         3         1                1                            1          17.0            1                        1                                     True                                False      10                  10
   best month_median   kmeans  8         1         1            2            3            1        3         3         1         2                2                            3          17.0            1                        2                                     True                                False       8                   5
   best month_median    canus  9         3         2            2            2            3        2         0         4         2                3                            2          10.0            3                        3                                     True                                False       9                   9
   best month_median   leiden  4         3         3            3            2            2        1         1         2         3                4                            4          10.0            3                        4                                     True                                False       4                   7
   best month_median patterns  4         2         2            3            3            3        3         0         2         4                5                            5           6.0            5                        5                                     True                                False       4                   4

== устойчивость ==
   method  K  stay_share  median_switches  modal_share  ari_next_month  ari_month_vs_all  min_types_in_month
  kmeans  7       0.153             10.0        0.671           0.522             0.312                   7
  kmeans  8       0.136              9.0        0.668           0.565             0.284                   8
  leiden  4       1.000              0.0        1.000           1.000             1.000                   4
  leiden  7       1.000              0.0        1.000           1.000             1.000                   7
  leiden  8       1.000              0.0        1.000           1.000             1.000                   8
  kefrin  7       0.138              7.0        0.771           0.614             0.363                   7
  kefrin  8       0.085              9.0        0.676           0.554             0.354                   8
  kefrin 10       0.066             11.0        0.650           0.537             0.337                  10
   canus  7       0.184              7.0        0.734           0.631             0.359                   7
   canus  8       0.180              8.0        0.709           0.582             0.333                   8
   canus  9       0.182              8.0        0.705           0.591             0.355                   9
patterns  4       0.090              3.0        0.730           0.658             0.473                   4
patterns  7       0.054              6.0        0.642           0.550             0.412                   7
patterns  8       0.047              6.0        0.617           0.533             0.402                   8

итог: kefrin, K=7, размеры типов [8696, 8672, 7647, 6469, 6241, 5878, 4781]; готово за 81 с
